../Core/Src/stm32h7xx_it.c:78:6:NMI_Handler	4	static
../Core/Src/stm32h7xx_it.c:93:6:HardFault_Handler	4	static
../Core/Src/stm32h7xx_it.c:108:6:MemManage_Handler	4	static
../Core/Src/stm32h7xx_it.c:123:6:BusFault_Handler	4	static
../Core/Src/stm32h7xx_it.c:138:6:UsageFault_Handler	4	static
../Core/Src/stm32h7xx_it.c:153:6:DebugMon_Handler	4	static
../Core/Src/stm32h7xx_it.c:173:6:TIM2_IRQHandler	16	static,ignoring_inline_asm
../Core/Src/stm32h7xx_it.c:202:6:TIM6_DAC_IRQHandler	8	static
../Core/Src/stm32h7xx_it.c:216:6:ETH_IRQHandler	8	static
../Core/Src/stm32h7xx_it.c:230:6:HSEM1_IRQHandler	8	static
